// Jest Snapshot v1, https://goo.gl/fbAQLP

exports[`renders correctly 1`] = `
<DocumentFragment>
  <div
    id="viewport"
  >
    <div
      class="top-banner"
    >
      <span
        class="top-banner-element"
      >
        P100
      </span>
      <span
        class="top-banner-element"
      >
        100 CEEFAX
      </span>
      <span
        class="top-banner-element"
      >
        SUN 11 SEP
      </span>
      <span
        class="top-banner-element"
      >
        21:47/11
      </span>
    </div>
    <div
      class="header"
    >
      <h1
        class="header-first-name"
      >
        B
      </h1>
      <h1
        class="header-first-name"
      >
        E
      </h1>
      <h1
        class="header-first-name"
      >
        N
      </h1>
      <h1
        class="header-last-name"
      >
        Q U I N N
      </h1>
    </div>
    <h2
      class="occupation"
    >
      FULL-STACK SOFTWARE DEVELOPER
    </h2>
  </div>
</DocumentFragment>
`;
