// Jest Snapshot v1, https://goo.gl/fbAQLP

exports[`Header renders correctly 1`] = `
<DocumentFragment>
  <div
    class="header"
  >
    <h1
      class="header-first-name"
    >
      B
    </h1>
    <h1
      class="header-first-name"
    >
      E
    </h1>
    <h1
      class="header-first-name"
    >
      N
    </h1>
    <h1
      class="header-last-name"
    >
      Q U I N N
    </h1>
  </div>
  <h2
    class="occupation"
  >
    FULL-STACK SOFTWARE DEVELOPER
  </h2>
</DocumentFragment>
`;
