// Jest Snapshot v1, https://goo.gl/fbAQLP

exports[`TopBanner renders correctly 1`] = `
<DocumentFragment>
  <div
    class="top-banner"
  >
    <span>
      P100
    </span>
    <span>
      100 CEEFAX
    </span>
    <span>
      Sun 11 Sep
    </span>
    <span>
      18:17/01
    </span>
  </div>
</DocumentFragment>
`;
